Archive member included because of file (symbol)

/usr/lib/gcc/avr/4.7.2/../../../avr/lib/avr5/libscanf_min.a(vfscanf_min.o)
                              (vfscanf)
/usr/lib/gcc/avr/4.7.2/avr5/libgcc.a(_umulhisi3.o)
                              switcherator.o (__umulhisi3)
/usr/lib/gcc/avr/4.7.2/avr5/libgcc.a(_usmulhisi3.o)
                              switcherator.o (__usmulhisi3)
/usr/lib/gcc/avr/4.7.2/avr5/libgcc.a(_muluhisi3.o)
                              switcherator.o (__muluhisi3)
/usr/lib/gcc/avr/4.7.2/avr5/libgcc.a(_mulsi3.o)
                              switcherator.o (__mulsi3)
/usr/lib/gcc/avr/4.7.2/avr5/libgcc.a(_udivmodhi4.o)
                              switcherator.o (__udivmodhi4)
/usr/lib/gcc/avr/4.7.2/avr5/libgcc.a(_divmodhi4.o)
                              switcherator.o (__divmodhi4)
/usr/lib/gcc/avr/4.7.2/avr5/libgcc.a(_udivmodsi4.o)
                              switcherator.o (__udivmodsi4)
/usr/lib/gcc/avr/4.7.2/avr5/libgcc.a(_divmodsi4.o)
                              switcherator.o (__divmodsi4)
/usr/lib/gcc/avr/4.7.2/avr5/libgcc.a(_exit.o)
                              /usr/lib/gcc/avr/4.7.2/../../../avr/lib/avr5/crtm328p.o (exit)
/usr/lib/gcc/avr/4.7.2/avr5/libgcc.a(_copy_data.o)
                              switcherator.o (__do_copy_data)
/usr/lib/gcc/avr/4.7.2/avr5/libgcc.a(_clear_bss.o)
                              switcherator.o (__do_clear_bss)
/usr/lib/gcc/avr/4.7.2/avr5/libgcc.a(_ashldi3.o)
                              switcherator.o (__ashldi3)
/usr/lib/gcc/avr/4.7.2/avr5/libgcc.a(_lshrdi3.o)
                              switcherator.o (__lshrdi3)
/usr/lib/gcc/avr/4.7.2/avr5/libgcc.a(_cmpdi2.o)
                              switcherator.o (__cmpdi2)
/usr/lib/gcc/avr/4.7.2/avr5/libgcc.a(_cmpdi2_s8.o)
                              switcherator.o (__cmpdi2_s8)
/usr/lib/gcc/avr/4.7.2/../../../avr/lib/avr5/libc.a(strtol.o)
                              switcherator.o (strtol)
/usr/lib/gcc/avr/4.7.2/../../../avr/lib/avr5/libc.a(atoi.o)
                              switcherator.o (atoi)
/usr/lib/gcc/avr/4.7.2/../../../avr/lib/avr5/libc.a(atol.o)
                              switcherator.o (atol)
/usr/lib/gcc/avr/4.7.2/../../../avr/lib/avr5/libc.a(isspace.o)
                              /usr/lib/gcc/avr/4.7.2/../../../avr/lib/avr5/libscanf_min.a(vfscanf_min.o) (isspace)
/usr/lib/gcc/avr/4.7.2/../../../avr/lib/avr5/libc.a(strchr_P.o)
                              /usr/lib/gcc/avr/4.7.2/../../../avr/lib/avr5/libscanf_min.a(vfscanf_min.o) (strchr_P)
/usr/lib/gcc/avr/4.7.2/../../../avr/lib/avr5/libc.a(strcat.o)
                              switcherator.o (strcat)
/usr/lib/gcc/avr/4.7.2/../../../avr/lib/avr5/libc.a(strcmp.o)
                              switcherator.o (strcmp)
/usr/lib/gcc/avr/4.7.2/../../../avr/lib/avr5/libc.a(strncmp.o)
                              switcherator.o (strncmp)
/usr/lib/gcc/avr/4.7.2/../../../avr/lib/avr5/libc.a(itoa.o)
                              switcherator.o (itoa)
/usr/lib/gcc/avr/4.7.2/../../../avr/lib/avr5/libc.a(ltoa.o)
                              switcherator.o (ltoa)
/usr/lib/gcc/avr/4.7.2/../../../avr/lib/avr5/libc.a(mulsi10.o)
                              /usr/lib/gcc/avr/4.7.2/../../../avr/lib/avr5/libc.a(atol.o) (__mulsi_const_10)
/usr/lib/gcc/avr/4.7.2/../../../avr/lib/avr5/libc.a(mul10.o)
                              /usr/lib/gcc/avr/4.7.2/../../../avr/lib/avr5/libc.a(atoi.o) (__mulhi_const_10)
/usr/lib/gcc/avr/4.7.2/../../../avr/lib/avr5/libc.a(fgetc.o)
                              /usr/lib/gcc/avr/4.7.2/../../../avr/lib/avr5/libscanf_min.a(vfscanf_min.o) (fgetc)
/usr/lib/gcc/avr/4.7.2/../../../avr/lib/avr5/libc.a(ungetc.o)
                              /usr/lib/gcc/avr/4.7.2/../../../avr/lib/avr5/libscanf_min.a(vfscanf_min.o) (ungetc)
/usr/lib/gcc/avr/4.7.2/../../../avr/lib/avr5/libc.a(eerd_block_atmega328.o)
                              switcherator.o (__eerd_block_m328)
/usr/lib/gcc/avr/4.7.2/../../../avr/lib/avr5/libc.a(eerd_word_atmega328.o)
                              switcherator.o (__eerd_word_m328)
/usr/lib/gcc/avr/4.7.2/../../../avr/lib/avr5/libc.a(eeupd_block_atmega328.o)
                              switcherator.o (__eeupd_block_m328)
/usr/lib/gcc/avr/4.7.2/../../../avr/lib/avr5/libc.a(eeupd_byte_atmega328.o)
                              /usr/lib/gcc/avr/4.7.2/../../../avr/lib/avr5/libc.a(eeupd_block_atmega328.o) (__eeupd_r18_m328)
/usr/lib/gcc/avr/4.7.2/../../../avr/lib/avr5/libc.a(eeupd_word_atmega328.o)
                              switcherator.o (__eeupd_word_m328)
/usr/lib/gcc/avr/4.7.2/../../../avr/lib/avr5/libc.a(errno.o)
                              /usr/lib/gcc/avr/4.7.2/../../../avr/lib/avr5/libc.a(strtol.o) (errno)
/usr/lib/gcc/avr/4.7.2/../../../avr/lib/avr5/libc.a(cty_isfalse.o)
                              /usr/lib/gcc/avr/4.7.2/../../../avr/lib/avr5/libc.a(isspace.o) (__ctype_isfalse)
/usr/lib/gcc/avr/4.7.2/../../../avr/lib/avr5/libc.a(strrev.o)
                              /usr/lib/gcc/avr/4.7.2/../../../avr/lib/avr5/libc.a(itoa.o) (strrev)
/usr/lib/gcc/avr/4.7.2/avr5/libgcc.a(_prologue.o)
                              /usr/lib/gcc/avr/4.7.2/../../../avr/lib/avr5/libc.a(strtol.o) (__prologue_saves__)
/usr/lib/gcc/avr/4.7.2/avr5/libgcc.a(_epilogue.o)
                              /usr/lib/gcc/avr/4.7.2/../../../avr/lib/avr5/libc.a(strtol.o) (__epilogue_restores__)

Allocating common symbols
Common symbol       size              file

errno               0x2               /usr/lib/gcc/avr/4.7.2/../../../avr/lib/avr5/libc.a(errno.o)

Memory Configuration

Name             Origin             Length             Attributes
text             0x00000000         0x00020000         xr
data             0x00800060         0x0000ffa0         rw !x
eeprom           0x00810000         0x00010000         rw !x
fuse             0x00820000         0x00000400         rw !x
lock             0x00830000         0x00000400         rw !x
signature        0x00840000         0x00000400         rw !x
*default*        0x00000000         0xffffffff

Linker script and memory map

Address of section .data set to 0x800100
LOAD /usr/lib/gcc/avr/4.7.2/../../../avr/lib/avr5/crtm328p.o
LOAD switcherator.o
LOAD ../myavrnrflib/spi.o
LOAD ../myavrnrflib/nrf.o
LOAD /usr/lib/gcc/avr/4.7.2/../../../avr/lib/avr5/libscanf_min.a
LOAD /usr/lib/gcc/avr/4.7.2/../../../avr/lib/avr5/libm.a
LOAD /usr/lib/gcc/avr/4.7.2/avr5/libgcc.a
LOAD /usr/lib/gcc/avr/4.7.2/../../../avr/lib/avr5/libc.a
LOAD /usr/lib/gcc/avr/4.7.2/avr5/libgcc.a

.hash
 *(.hash)

.dynsym
 *(.dynsym)

.dynstr
 *(.dynstr)

.gnu.version
 *(.gnu.version)

.gnu.version_d
 *(.gnu.version_d)

.gnu.version_r
 *(.gnu.version_r)

.rel.init
 *(.rel.init)

.rela.init
 *(.rela.init)

.rel.text
 *(.rel.text)
 *(.rel.text.*)
 *(.rel.gnu.linkonce.t*)

.rela.text
 *(.rela.text)
 *(.rela.text.*)
 *(.rela.gnu.linkonce.t*)

.rel.fini
 *(.rel.fini)

.rela.fini
 *(.rela.fini)

.rel.rodata
 *(.rel.rodata)
 *(.rel.rodata.*)
 *(.rel.gnu.linkonce.r*)

.rela.rodata
 *(.rela.rodata)
 *(.rela.rodata.*)
 *(.rela.gnu.linkonce.r*)

.rel.data
 *(.rel.data)
 *(.rel.data.*)
 *(.rel.gnu.linkonce.d*)

.rela.data
 *(.rela.data)
 *(.rela.data.*)
 *(.rela.gnu.linkonce.d*)

.rel.ctors
 *(.rel.ctors)

.rela.ctors
 *(.rela.ctors)

.rel.dtors
 *(.rel.dtors)

.rela.dtors
 *(.rela.dtors)

.rel.got
 *(.rel.got)

.rela.got
 *(.rela.got)

.rel.bss
 *(.rel.bss)

.rela.bss
 *(.rela.bss)

.rel.plt
 *(.rel.plt)

.rela.plt
 *(.rela.plt)

.text           0x00000000     0x631e
 *(.vectors)
 .vectors       0x00000000       0x68 /usr/lib/gcc/avr/4.7.2/../../../avr/lib/avr5/crtm328p.o
                0x00000000                __vectors
                0x00000000                __vector_default
 *(.vectors)
 *(.progmem.gcc*)
 *(.progmem*)
 .progmem.data  0x00000068        0xb /usr/lib/gcc/avr/4.7.2/../../../avr/lib/avr5/libscanf_min.a(vfscanf_min.o)
                0x00000074                . = ALIGN (0x2)
 *fill*         0x00000073        0x1 00
                0x00000074                __trampolines_start = .
 *(.trampolines)
 .trampolines   0x00000074        0x0 linker stubs
 *(.trampolines*)
                0x00000074                __trampolines_end = .
 *(.jumptables)
 *(.jumptables*)
 *(.lowtext)
 *(.lowtext*)
                0x00000074                __ctors_start = .
 *(.ctors)
                0x00000074                __ctors_end = .
                0x00000074                __dtors_start = .
 *(.dtors)
                0x00000074                __dtors_end = .
 SORT(*)(.ctors)
 SORT(*)(.dtors)
 *(.init0)
 .init0         0x00000074        0x0 /usr/lib/gcc/avr/4.7.2/../../../avr/lib/avr5/crtm328p.o
                0x00000074                __init
 *(.init0)
 *(.init1)
 *(.init1)
 *(.init2)
 .init2         0x00000074        0xc /usr/lib/gcc/avr/4.7.2/../../../avr/lib/avr5/crtm328p.o
 *(.init2)
 *(.init3)
 *(.init3)
 *(.init4)
 .init4         0x00000080       0x16 /usr/lib/gcc/avr/4.7.2/avr5/libgcc.a(_copy_data.o)
                0x00000080                __do_copy_data
 .init4         0x00000096       0x10 /usr/lib/gcc/avr/4.7.2/avr5/libgcc.a(_clear_bss.o)
                0x00000096                __do_clear_bss
 *(.init4)
 *(.init5)
 *(.init5)
 *(.init6)
 *(.init6)
 *(.init7)
 *(.init7)
 *(.init8)
 *(.init8)
 *(.init9)
 .init9         0x000000a6        0x8 /usr/lib/gcc/avr/4.7.2/../../../avr/lib/avr5/crtm328p.o
 *(.init9)
 *(.text)
 .text          0x000000ae        0x4 /usr/lib/gcc/avr/4.7.2/../../../avr/lib/avr5/crtm328p.o
                0x000000ae                __vector_22
                0x000000ae                __vector_1
                0x000000ae                __vector_24
                0x000000ae                __vector_12
                0x000000ae                __bad_interrupt
                0x000000ae                __vector_6
                0x000000ae                __vector_3
                0x000000ae                __vector_23
                0x000000ae                __vector_25
                0x000000ae                __vector_13
                0x000000ae                __vector_17
                0x000000ae                __vector_19
                0x000000ae                __vector_7
                0x000000ae                __vector_5
                0x000000ae                __vector_4
                0x000000ae                __vector_9
                0x000000ae                __vector_2
                0x000000ae                __vector_21
                0x000000ae                __vector_15
                0x000000ae                __vector_8
                0x000000ae                __vector_14
                0x000000ae                __vector_10
                0x000000ae                __vector_16
                0x000000ae                __vector_18
                0x000000ae                __vector_20
 .text          0x000000b2     0x4eb4 switcherator.o
                0x000000b2                drawInterface
                0x000000b4                getSwitchNumber
                0x000000ca                getPort
                0x0000016e                pwmClear
                0x000001aa                clearTheSwitch
                0x00000270                runColorFunction
                0x00000360                runHueFunction
                0x00000544                clearTheProgram
                0x00000570                findOpenSwitch
                0x000005a4                programGetSwitches
                0x00000604                startTheProgram
                0x00000700                readEEPROM
                0x0000075c                writeEEPROM
                0x0000077c                clearEEPROM
                0x00000784                clockInit
                0x0000079e                startClock
                0x000007b6                stopClock
                0x000007c2                getWeekday
                0x00000856                getDayofYear
                0x000008bc                checkDaylightSavings
                0x00000940                advanceDay
                0x00000a8c                timerCheck
                0x00000bf4                switchOnOff
                0x00000df2                returnInt
                0x00000e2e                clockString
                0x00000f26                returnHex
                0x00000f82                returnHexWithout
                0x00000fc8                radioTest
                0x00001028                radioInit
                0x000011ba                formatAddress
                0x000011f4                generalInit
                0x00001756                unformatAddress
                0x0000177e                getInput
                0x00001d6e                inputTenthCheck
                0x00001dac                inputCheck
                0x00001e0e                flashFail
                0x00001e8c                clearFail
                0x00001e96                sendMessage
                0x00001ed0                serialNumber
                0x00001f8e                radioChangeAddress
                0x0000229e                radioDisplayAddress
                0x0000248c                generalStatus
                0x000028aa                programDisplay
                0x00002b80                pwmSummary
                0x00002d56                switchDisplay
                0x00002e24                ok
                0x00002e2c                clearInput
                0x00002eaa                setDaylightSavings
                0x00002f3c                clearToEEPROM
                0x0000303c                saveToEEPROM
                0x000034f2                pwmValueSet
                0x00003588                setHueSpeed
                0x000035b0                cycleHue
                0x000035e4                switchClear
                0x000035f0                clockTweak
                0x00003682                brightnessSet
                0x00003720                fail
                0x00003758                setDigitalInput
                0x00003960                setAnalogInput
                0x00003c22                startProgram
                0x00003c9c                programSetTime
                0x00003dec                programSetDays
                0x00003eee                programAddSwitch
                0x0000408c                clearProgram
                0x000040de                colorChangeSet
                0x0000418a                pwmSetup
                0x00004258                startSwitch
                0x00004446                setNewSwitch
                0x000045a8                setTimeLimits
                0x00004892                newProgram
                0x000049f6                switchBrightness
                0x00004aaa                setClock
                0x00004c4c                checkCommand
                0x00004e2a                __vector_11
 .text          0x00004f66       0x46 ../myavrnrflib/spi.o
                0x00004f66                spi_init
                0x00004f76                spi_transaction
 .text          0x00004fac      0x572 ../myavrnrflib/nrf.o
                0x00004fac                powerUp
                0x00004fb0                powerDown
                0x00004fb4                readReg
                0x00004fe8                writeReg
                0x0000501a                stopRx
                0x0000502e                startRx
                0x00005042                stopRadio
                0x00005052                startRadio
                0x00005062                readAddr
                0x00005106                writeAddr
                0x000051da                getLength
                0x00005228                checkRx
                0x0000523a                dynReceive
                0x00005338                receive
                0x000053c8                transmit
                0x000054d6                flushme
                0x00005512                nrfInit
 .text          0x0000551e        0x0 /usr/lib/gcc/avr/4.7.2/../../../avr/lib/avr5/libscanf_min.a(vfscanf_min.o)
 .text          0x0000551e        0x0 /usr/lib/gcc/avr/4.7.2/avr5/libgcc.a(_umulhisi3.o)
 .text          0x0000551e        0x0 /usr/lib/gcc/avr/4.7.2/avr5/libgcc.a(_usmulhisi3.o)
 .text          0x0000551e        0x0 /usr/lib/gcc/avr/4.7.2/avr5/libgcc.a(_muluhisi3.o)
 .text          0x0000551e        0x0 /usr/lib/gcc/avr/4.7.2/avr5/libgcc.a(_mulsi3.o)
 .text          0x0000551e        0x0 /usr/lib/gcc/avr/4.7.2/avr5/libgcc.a(_udivmodhi4.o)
 .text          0x0000551e        0x0 /usr/lib/gcc/avr/4.7.2/avr5/libgcc.a(_divmodhi4.o)
 .text          0x0000551e        0x0 /usr/lib/gcc/avr/4.7.2/avr5/libgcc.a(_udivmodsi4.o)
 .text          0x0000551e        0x0 /usr/lib/gcc/avr/4.7.2/avr5/libgcc.a(_divmodsi4.o)
 .text          0x0000551e        0x0 /usr/lib/gcc/avr/4.7.2/avr5/libgcc.a(_exit.o)
 .text          0x0000551e        0x0 /usr/lib/gcc/avr/4.7.2/avr5/libgcc.a(_copy_data.o)
 .text          0x0000551e        0x0 /usr/lib/gcc/avr/4.7.2/avr5/libgcc.a(_clear_bss.o)
 .text          0x0000551e        0x0 /usr/lib/gcc/avr/4.7.2/avr5/libgcc.a(_ashldi3.o)
 .text          0x0000551e        0x0 /usr/lib/gcc/avr/4.7.2/avr5/libgcc.a(_lshrdi3.o)
 .text          0x0000551e        0x0 /usr/lib/gcc/avr/4.7.2/avr5/libgcc.a(_cmpdi2.o)
 .text          0x0000551e        0x0 /usr/lib/gcc/avr/4.7.2/avr5/libgcc.a(_cmpdi2_s8.o)
 .text          0x0000551e        0x0 /usr/lib/gcc/avr/4.7.2/../../../avr/lib/avr5/libc.a(strtol.o)
 .text          0x0000551e        0x0 /usr/lib/gcc/avr/4.7.2/../../../avr/lib/avr5/libc.a(atoi.o)
 .text          0x0000551e        0x0 /usr/lib/gcc/avr/4.7.2/../../../avr/lib/avr5/libc.a(atol.o)
 .text          0x0000551e        0x0 /usr/lib/gcc/avr/4.7.2/../../../avr/lib/avr5/libc.a(isspace.o)
 .text          0x0000551e        0x0 /usr/lib/gcc/avr/4.7.2/../../../avr/lib/avr5/libc.a(strchr_P.o)
 .text          0x0000551e        0x0 /usr/lib/gcc/avr/4.7.2/../../../avr/lib/avr5/libc.a(strcat.o)
 .text          0x0000551e        0x0 /usr/lib/gcc/avr/4.7.2/../../../avr/lib/avr5/libc.a(strcmp.o)
 .text          0x0000551e        0x0 /usr/lib/gcc/avr/4.7.2/../../../avr/lib/avr5/libc.a(strncmp.o)
 .text          0x0000551e        0x0 /usr/lib/gcc/avr/4.7.2/../../../avr/lib/avr5/libc.a(itoa.o)
 .text          0x0000551e        0x0 /usr/lib/gcc/avr/4.7.2/../../../avr/lib/avr5/libc.a(ltoa.o)
 .text          0x0000551e        0x0 /usr/lib/gcc/avr/4.7.2/../../../avr/lib/avr5/libc.a(mulsi10.o)
 .text          0x0000551e        0x0 /usr/lib/gcc/avr/4.7.2/../../../avr/lib/avr5/libc.a(mul10.o)
 .text          0x0000551e        0x0 /usr/lib/gcc/avr/4.7.2/../../../avr/lib/avr5/libc.a(fgetc.o)
 .text          0x0000551e        0x0 /usr/lib/gcc/avr/4.7.2/../../../avr/lib/avr5/libc.a(ungetc.o)
 .text          0x0000551e        0x0 /usr/lib/gcc/avr/4.7.2/../../../avr/lib/avr5/libc.a(eerd_block_atmega328.o)
 .text          0x0000551e        0x0 /usr/lib/gcc/avr/4.7.2/../../../avr/lib/avr5/libc.a(eerd_word_atmega328.o)
 .text          0x0000551e        0x0 /usr/lib/gcc/avr/4.7.2/../../../avr/lib/avr5/libc.a(eeupd_block_atmega328.o)
 .text          0x0000551e        0x0 /usr/lib/gcc/avr/4.7.2/../../../avr/lib/avr5/libc.a(eeupd_byte_atmega328.o)
 .text          0x0000551e        0x0 /usr/lib/gcc/avr/4.7.2/../../../avr/lib/avr5/libc.a(eeupd_word_atmega328.o)
 .text          0x0000551e        0x0 /usr/lib/gcc/avr/4.7.2/../../../avr/lib/avr5/libc.a(errno.o)
 .text          0x0000551e        0x0 /usr/lib/gcc/avr/4.7.2/../../../avr/lib/avr5/libc.a(cty_isfalse.o)
 .text          0x0000551e        0x0 /usr/lib/gcc/avr/4.7.2/../../../avr/lib/avr5/libc.a(strrev.o)
 .text          0x0000551e        0x0 /usr/lib/gcc/avr/4.7.2/avr5/libgcc.a(_prologue.o)
 .text          0x0000551e        0x0 /usr/lib/gcc/avr/4.7.2/avr5/libgcc.a(_epilogue.o)
                0x0000551e                . = ALIGN (0x2)
 *(.text.*)
 .text.startup  0x0000551e      0x29a switcherator.o
                0x0000551e                main
 .text.avr-libc
                0x000057b8      0x408 /usr/lib/gcc/avr/4.7.2/../../../avr/lib/avr5/libscanf_min.a(vfscanf_min.o)
                0x0000597e                vfscanf
 .text.libgcc.mul
                0x00005bc0       0x18 /usr/lib/gcc/avr/4.7.2/avr5/libgcc.a(_umulhisi3.o)
                0x00005bc0                __umulhisi3
 .text.libgcc.div
                0x00005bd8        0x0 /usr/lib/gcc/avr/4.7.2/avr5/libgcc.a(_umulhisi3.o)
 .text.libgcc   0x00005bd8        0x0 /usr/lib/gcc/avr/4.7.2/avr5/libgcc.a(_umulhisi3.o)
 .text.libgcc.prologue
                0x00005bd8        0x0 /usr/lib/gcc/avr/4.7.2/avr5/libgcc.a(_umulhisi3.o)
 .text.libgcc.builtins
                0x00005bd8        0x0 /usr/lib/gcc/avr/4.7.2/avr5/libgcc.a(_umulhisi3.o)
 .text.libgcc.fmul
                0x00005bd8        0x0 /usr/lib/gcc/avr/4.7.2/avr5/libgcc.a(_umulhisi3.o)
 .text.libgcc.mul
                0x00005bd8        0xe /usr/lib/gcc/avr/4.7.2/avr5/libgcc.a(_usmulhisi3.o)
                0x00005bd8                __usmulhisi3
                0x00005bdc                __usmulhisi3_tail
 .text.libgcc.div
                0x00005be6        0x0 /usr/lib/gcc/avr/4.7.2/avr5/libgcc.a(_usmulhisi3.o)
 .text.libgcc   0x00005be6        0x0 /usr/lib/gcc/avr/4.7.2/avr5/libgcc.a(_usmulhisi3.o)
 .text.libgcc.prologue
                0x00005be6        0x0 /usr/lib/gcc/avr/4.7.2/avr5/libgcc.a(_usmulhisi3.o)
 .text.libgcc.builtins
                0x00005be6        0x0 /usr/lib/gcc/avr/4.7.2/avr5/libgcc.a(_usmulhisi3.o)
 .text.libgcc.fmul
                0x00005be6        0x0 /usr/lib/gcc/avr/4.7.2/avr5/libgcc.a(_usmulhisi3.o)
 .text.libgcc.mul
                0x00005be6       0x16 /usr/lib/gcc/avr/4.7.2/avr5/libgcc.a(_muluhisi3.o)
                0x00005be6                __muluhisi3
 .text.libgcc.div
                0x00005bfc        0x0 /usr/lib/gcc/avr/4.7.2/avr5/libgcc.a(_muluhisi3.o)
 .text.libgcc   0x00005bfc        0x0 /usr/lib/gcc/avr/4.7.2/avr5/libgcc.a(_muluhisi3.o)
 .text.libgcc.prologue
                0x00005bfc        0x0 /usr/lib/gcc/avr/4.7.2/avr5/libgcc.a(_muluhisi3.o)
 .text.libgcc.builtins
                0x00005bfc        0x0 /usr/lib/gcc/avr/4.7.2/avr5/libgcc.a(_muluhisi3.o)
 .text.libgcc.fmul
                0x00005bfc        0x0 /usr/lib/gcc/avr/4.7.2/avr5/libgcc.a(_muluhisi3.o)
 .text.libgcc.mul
                0x00005bfc       0x20 /usr/lib/gcc/avr/4.7.2/avr5/libgcc.a(_mulsi3.o)
                0x00005bfc                __mulsi3
 .text.libgcc.div
                0x00005c1c        0x0 /usr/lib/gcc/avr/4.7.2/avr5/libgcc.a(_mulsi3.o)
 .text.libgcc   0x00005c1c        0x0 /usr/lib/gcc/avr/4.7.2/avr5/libgcc.a(_mulsi3.o)
 .text.libgcc.prologue
                0x00005c1c        0x0 /usr/lib/gcc/avr/4.7.2/avr5/libgcc.a(_mulsi3.o)
 .text.libgcc.builtins
                0x00005c1c        0x0 /usr/lib/gcc/avr/4.7.2/avr5/libgcc.a(_mulsi3.o)
 .text.libgcc.fmul
                0x00005c1c        0x0 /usr/lib/gcc/avr/4.7.2/avr5/libgcc.a(_mulsi3.o)
 .text.libgcc.mul
                0x00005c1c        0x0 /usr/lib/gcc/avr/4.7.2/avr5/libgcc.a(_udivmodhi4.o)
 .text.libgcc.div
                0x00005c1c       0x28 /usr/lib/gcc/avr/4.7.2/avr5/libgcc.a(_udivmodhi4.o)
                0x00005c1c                __udivmodhi4
 .text.libgcc   0x00005c44        0x0 /usr/lib/gcc/avr/4.7.2/avr5/libgcc.a(_udivmodhi4.o)
 .text.libgcc.prologue
                0x00005c44        0x0 /usr/lib/gcc/avr/4.7.2/avr5/libgcc.a(_udivmodhi4.o)
 .text.libgcc.builtins
                0x00005c44        0x0 /usr/lib/gcc/avr/4.7.2/avr5/libgcc.a(_udivmodhi4.o)
 .text.libgcc.fmul
                0x00005c44        0x0 /usr/lib/gcc/avr/4.7.2/avr5/libgcc.a(_udivmodhi4.o)
 .text.libgcc.mul
                0x00005c44        0x0 /usr/lib/gcc/avr/4.7.2/avr5/libgcc.a(_divmodhi4.o)
 .text.libgcc.div
                0x00005c44       0x28 /usr/lib/gcc/avr/4.7.2/avr5/libgcc.a(_divmodhi4.o)
                0x00005c44                __divmodhi4
                0x00005c44                _div
 .text.libgcc   0x00005c6c        0x0 /usr/lib/gcc/avr/4.7.2/avr5/libgcc.a(_divmodhi4.o)
 .text.libgcc.prologue
                0x00005c6c        0x0 /usr/lib/gcc/avr/4.7.2/avr5/libgcc.a(_divmodhi4.o)
 .text.libgcc.builtins
                0x00005c6c        0x0 /usr/lib/gcc/avr/4.7.2/avr5/libgcc.a(_divmodhi4.o)
 .text.libgcc.fmul
                0x00005c6c        0x0 /usr/lib/gcc/avr/4.7.2/avr5/libgcc.a(_divmodhi4.o)
 .text.libgcc.mul
                0x00005c6c        0x0 /usr/lib/gcc/avr/4.7.2/avr5/libgcc.a(_udivmodsi4.o)
 .text.libgcc.div
                0x00005c6c       0x44 /usr/lib/gcc/avr/4.7.2/avr5/libgcc.a(_udivmodsi4.o)
                0x00005c6c                __udivmodsi4
 .text.libgcc   0x00005cb0        0x0 /usr/lib/gcc/avr/4.7.2/avr5/libgcc.a(_udivmodsi4.o)
 .text.libgcc.prologue
                0x00005cb0        0x0 /usr/lib/gcc/avr/4.7.2/avr5/libgcc.a(_udivmodsi4.o)
 .text.libgcc.builtins
                0x00005cb0        0x0 /usr/lib/gcc/avr/4.7.2/avr5/libgcc.a(_udivmodsi4.o)
 .text.libgcc.fmul
                0x00005cb0        0x0 /usr/lib/gcc/avr/4.7.2/avr5/libgcc.a(_udivmodsi4.o)
 .text.libgcc.mul
                0x00005cb0        0x0 /usr/lib/gcc/avr/4.7.2/avr5/libgcc.a(_divmodsi4.o)
 .text.libgcc.div
                0x00005cb0       0x38 /usr/lib/gcc/avr/4.7.2/avr5/libgcc.a(_divmodsi4.o)
                0x00005cb0                __divmodsi4
 .text.libgcc   0x00005ce8        0x0 /usr/lib/gcc/avr/4.7.2/avr5/libgcc.a(_divmodsi4.o)
 .text.libgcc.prologue
                0x00005ce8        0x0 /usr/lib/gcc/avr/4.7.2/avr5/libgcc.a(_divmodsi4.o)
 .text.libgcc.builtins
                0x00005ce8        0x0 /usr/lib/gcc/avr/4.7.2/avr5/libgcc.a(_divmodsi4.o)
 .text.libgcc.fmul
                0x00005ce8        0x0 /usr/lib/gcc/avr/4.7.2/avr5/libgcc.a(_divmodsi4.o)
 .text.libgcc.mul
                0x00005ce8        0x0 /usr/lib/gcc/avr/4.7.2/avr5/libgcc.a(_exit.o)
 .text.libgcc.div
                0x00005ce8        0x0 /usr/lib/gcc/avr/4.7.2/avr5/libgcc.a(_exit.o)
 .text.libgcc   0x00005ce8        0x0 /usr/lib/gcc/avr/4.7.2/avr5/libgcc.a(_exit.o)
 .text.libgcc.prologue
                0x00005ce8        0x0 /usr/lib/gcc/avr/4.7.2/avr5/libgcc.a(_exit.o)
 .text.libgcc.builtins
                0x00005ce8        0x0 /usr/lib/gcc/avr/4.7.2/avr5/libgcc.a(_exit.o)
 .text.libgcc.fmul
                0x00005ce8        0x0 /usr/lib/gcc/avr/4.7.2/avr5/libgcc.a(_exit.o)
 .text.libgcc.mul
                0x00005ce8        0x0 /usr/lib/gcc/avr/4.7.2/avr5/libgcc.a(_copy_data.o)
 .text.libgcc.div
                0x00005ce8        0x0 /usr/lib/gcc/avr/4.7.2/avr5/libgcc.a(_copy_data.o)
 .text.libgcc   0x00005ce8        0x0 /usr/lib/gcc/avr/4.7.2/avr5/libgcc.a(_copy_data.o)
 .text.libgcc.prologue
                0x00005ce8        0x0 /usr/lib/gcc/avr/4.7.2/avr5/libgcc.a(_copy_data.o)
 .text.libgcc.builtins
                0x00005ce8        0x0 /usr/lib/gcc/avr/4.7.2/avr5/libgcc.a(_copy_data.o)
 .text.libgcc.fmul
                0x00005ce8        0x0 /usr/lib/gcc/avr/4.7.2/avr5/libgcc.a(_copy_data.o)
 .text.libgcc.mul
                0x00005ce8        0x0 /usr/lib/gcc/avr/4.7.2/avr5/libgcc.a(_clear_bss.o)
 .text.libgcc.div
                0x00005ce8        0x0 /usr/lib/gcc/avr/4.7.2/avr5/libgcc.a(_clear_bss.o)
 .text.libgcc   0x00005ce8        0x0 /usr/lib/gcc/avr/4.7.2/avr5/libgcc.a(_clear_bss.o)
 .text.libgcc.prologue
                0x00005ce8        0x0 /usr/lib/gcc/avr/4.7.2/avr5/libgcc.a(_clear_bss.o)
 .text.libgcc.builtins
                0x00005ce8        0x0 /usr/lib/gcc/avr/4.7.2/avr5/libgcc.a(_clear_bss.o)
 .text.libgcc.fmul
                0x00005ce8        0x0 /usr/lib/gcc/avr/4.7.2/avr5/libgcc.a(_clear_bss.o)
 .text.libgcc.mul
                0x00005ce8        0x0 /usr/lib/gcc/avr/4.7.2/avr5/libgcc.a(_ashldi3.o)
 .text.libgcc.div
                0x00005ce8        0x0 /usr/lib/gcc/avr/4.7.2/avr5/libgcc.a(_ashldi3.o)
 .text.libgcc   0x00005ce8        0x0 /usr/lib/gcc/avr/4.7.2/avr5/libgcc.a(_ashldi3.o)
 .text.libgcc.prologue
                0x00005ce8        0x0 /usr/lib/gcc/avr/4.7.2/avr5/libgcc.a(_ashldi3.o)
 .text.libgcc.builtins
                0x00005ce8       0x1e /usr/lib/gcc/avr/4.7.2/avr5/libgcc.a(_ashldi3.o)
                0x00005ce8                __ashldi3
 .text.libgcc.fmul
                0x00005d06        0x0 /usr/lib/gcc/avr/4.7.2/avr5/libgcc.a(_ashldi3.o)
 .text.libgcc.mul
                0x00005d06        0x0 /usr/lib/gcc/avr/4.7.2/avr5/libgcc.a(_lshrdi3.o)
 .text.libgcc.div
                0x00005d06        0x0 /usr/lib/gcc/avr/4.7.2/avr5/libgcc.a(_lshrdi3.o)
 .text.libgcc   0x00005d06        0x0 /usr/lib/gcc/avr/4.7.2/avr5/libgcc.a(_lshrdi3.o)
 .text.libgcc.prologue
                0x00005d06        0x0 /usr/lib/gcc/avr/4.7.2/avr5/libgcc.a(_lshrdi3.o)
 .text.libgcc.builtins
                0x00005d06       0x1e /usr/lib/gcc/avr/4.7.2/avr5/libgcc.a(_lshrdi3.o)
                0x00005d06                __lshrdi3
 .text.libgcc.fmul
                0x00005d24        0x0 /usr/lib/gcc/avr/4.7.2/avr5/libgcc.a(_lshrdi3.o)
 .text.libgcc.mul
                0x00005d24        0x0 /usr/lib/gcc/avr/4.7.2/avr5/libgcc.a(_cmpdi2.o)
 .text.libgcc.div
                0x00005d24        0x0 /usr/lib/gcc/avr/4.7.2/avr5/libgcc.a(_cmpdi2.o)
 .text.libgcc   0x00005d24       0x12 /usr/lib/gcc/avr/4.7.2/avr5/libgcc.a(_cmpdi2.o)
                0x00005d24                __cmpdi2
 .text.libgcc.prologue
                0x00005d36        0x0 /usr/lib/gcc/avr/4.7.2/avr5/libgcc.a(_cmpdi2.o)
 .text.libgcc.builtins
                0x00005d36        0x0 /usr/lib/gcc/avr/4.7.2/avr5/libgcc.a(_cmpdi2.o)
 .text.libgcc.fmul
                0x00005d36        0x0 /usr/lib/gcc/avr/4.7.2/avr5/libgcc.a(_cmpdi2.o)
 .text.libgcc.mul
                0x00005d36        0x0 /usr/lib/gcc/avr/4.7.2/avr5/libgcc.a(_cmpdi2_s8.o)
 .text.libgcc.div
                0x00005d36        0x0 /usr/lib/gcc/avr/4.7.2/avr5/libgcc.a(_cmpdi2_s8.o)
 .text.libgcc   0x00005d36       0x18 /usr/lib/gcc/avr/4.7.2/avr5/libgcc.a(_cmpdi2_s8.o)
                0x00005d36                __cmpdi2_s8
 .text.libgcc.prologue
                0x00005d4e        0x0 /usr/lib/gcc/avr/4.7.2/avr5/libgcc.a(_cmpdi2_s8.o)
 .text.libgcc.builtins
                0x00005d4e        0x0 /usr/lib/gcc/avr/4.7.2/avr5/libgcc.a(_cmpdi2_s8.o)
 .text.libgcc.fmul
                0x00005d4e        0x0 /usr/lib/gcc/avr/4.7.2/avr5/libgcc.a(_cmpdi2_s8.o)
 .text.avr-libc
                0x00005d4e      0x22e /usr/lib/gcc/avr/4.7.2/../../../avr/lib/avr5/libc.a(strtol.o)
                0x00005d4e                strtol
 .text.avr-libc
                0x00005f7c       0x3c /usr/lib/gcc/avr/4.7.2/../../../avr/lib/avr5/libc.a(atoi.o)
                0x00005f7c                atoi
 .text.avr-libc
                0x00005fb8       0x4e /usr/lib/gcc/avr/4.7.2/../../../avr/lib/avr5/libc.a(atol.o)
                0x00005fb8                atol
 .text.avr-libc
                0x00006006       0x10 /usr/lib/gcc/avr/4.7.2/../../../avr/lib/avr5/libc.a(isspace.o)
                0x00006006                isspace
 .text.avr-libc
                0x00006016       0x16 /usr/lib/gcc/avr/4.7.2/../../../avr/lib/avr5/libc.a(strchr_P.o)
                0x00006016                strchr_P
 .text.avr-libc
                0x0000602c       0x16 /usr/lib/gcc/avr/4.7.2/../../../avr/lib/avr5/libc.a(strcat.o)
                0x0000602c                strcat
 .text.avr-libc
                0x00006042       0x12 /usr/lib/gcc/avr/4.7.2/../../../avr/lib/avr5/libc.a(strcmp.o)
                0x00006042                strcmp
 .text.avr-libc
                0x00006054       0x1c /usr/lib/gcc/avr/4.7.2/../../../avr/lib/avr5/libc.a(strncmp.o)
                0x00006054                strncmp
 .text.avr-libc
                0x00006070       0x42 /usr/lib/gcc/avr/4.7.2/../../../avr/lib/avr5/libc.a(itoa.o)
                0x00006070                itoa
 .text.avr-libc
                0x000060b2       0x68 /usr/lib/gcc/avr/4.7.2/../../../avr/lib/avr5/libc.a(ltoa.o)
                0x000060b2                ltoa
 .text.avr-libc
                0x0000611a       0x2a /usr/lib/gcc/avr/4.7.2/../../../avr/lib/avr5/libc.a(mulsi10.o)
                0x0000611a                __mulsi_const_10
 .text.avr-libc
                0x00006144       0x10 /usr/lib/gcc/avr/4.7.2/../../../avr/lib/avr5/libc.a(mul10.o)
                0x00006144                __mulhi_const_10
 .text.avr-libc
                0x00006154       0x80 /usr/lib/gcc/avr/4.7.2/../../../avr/lib/avr5/libc.a(fgetc.o)
                0x00006154                fgetc
 .text.avr-libc
                0x000061d4       0x36 /usr/lib/gcc/avr/4.7.2/../../../avr/lib/avr5/libc.a(ungetc.o)
                0x000061d4                ungetc
 .text.avr-libc
                0x0000620a       0x20 /usr/lib/gcc/avr/4.7.2/../../../avr/lib/avr5/libc.a(eerd_block_atmega328.o)
                0x0000620a                __eerd_block_m328
                0x0000620e                __eerd_blraw_m328
 .text.avr-libc
                0x0000622a        0xc /usr/lib/gcc/avr/4.7.2/../../../avr/lib/avr5/libc.a(eerd_word_atmega328.o)
                0x0000622a                __eerd_word_m328
 .text.avr-libc
                0x00006236       0x20 /usr/lib/gcc/avr/4.7.2/../../../avr/lib/avr5/libc.a(eeupd_block_atmega328.o)
                0x00006236                __eeupd_block_m328
 .text.avr-libc
                0x00006256       0x24 /usr/lib/gcc/avr/4.7.2/../../../avr/lib/avr5/libc.a(eeupd_byte_atmega328.o)
                0x00006256                __eeupd_byte_m328
                0x00006258                __eeupd_r18_m328
 .text.avr-libc
                0x0000627a        0xc /usr/lib/gcc/avr/4.7.2/../../../avr/lib/avr5/libc.a(eeupd_word_atmega328.o)
                0x0000627a                __eeupd_word_m328
 .text.avr-libc
                0x00006286        0x6 /usr/lib/gcc/avr/4.7.2/../../../avr/lib/avr5/libc.a(cty_isfalse.o)
                0x00006286                __ctype_isfalse
                0x0000628a                __ctype_istrue
 .text.avr-libc
                0x0000628c       0x20 /usr/lib/gcc/avr/4.7.2/../../../avr/lib/avr5/libc.a(strrev.o)
                0x0000628c                strrev
 .text.libgcc.mul
                0x000062ac        0x0 /usr/lib/gcc/avr/4.7.2/avr5/libgcc.a(_prologue.o)
 .text.libgcc.div
                0x000062ac        0x0 /usr/lib/gcc/avr/4.7.2/avr5/libgcc.a(_prologue.o)
 .text.libgcc   0x000062ac        0x0 /usr/lib/gcc/avr/4.7.2/avr5/libgcc.a(_prologue.o)
 .text.libgcc.prologue
                0x000062ac       0x38 /usr/lib/gcc/avr/4.7.2/avr5/libgcc.a(_prologue.o)
                0x000062ac                __prologue_saves__
 .text.libgcc.builtins
                0x000062e4        0x0 /usr/lib/gcc/avr/4.7.2/avr5/libgcc.a(_prologue.o)
 .text.libgcc.fmul
                0x000062e4        0x0 /usr/lib/gcc/avr/4.7.2/avr5/libgcc.a(_prologue.o)
 .text.libgcc.mul
                0x000062e4        0x0 /usr/lib/gcc/avr/4.7.2/avr5/libgcc.a(_epilogue.o)
 .text.libgcc.div
                0x000062e4        0x0 /usr/lib/gcc/avr/4.7.2/avr5/libgcc.a(_epilogue.o)
 .text.libgcc   0x000062e4        0x0 /usr/lib/gcc/avr/4.7.2/avr5/libgcc.a(_epilogue.o)
 .text.libgcc.prologue
                0x000062e4       0x36 /usr/lib/gcc/avr/4.7.2/avr5/libgcc.a(_epilogue.o)
                0x000062e4                __epilogue_restores__
 .text.libgcc.builtins
                0x0000631a        0x0 /usr/lib/gcc/avr/4.7.2/avr5/libgcc.a(_epilogue.o)
 .text.libgcc.fmul
                0x0000631a        0x0 /usr/lib/gcc/avr/4.7.2/avr5/libgcc.a(_epilogue.o)
                0x0000631a                . = ALIGN (0x2)
 *(.fini9)
 .fini9         0x0000631a        0x0 /usr/lib/gcc/avr/4.7.2/avr5/libgcc.a(_exit.o)
                0x0000631a                exit
                0x0000631a                _exit
 *(.fini9)
 *(.fini8)
 *(.fini8)
 *(.fini7)
 *(.fini7)
 *(.fini6)
 *(.fini6)
 *(.fini5)
 *(.fini5)
 *(.fini4)
 *(.fini4)
 *(.fini3)
 *(.fini3)
 *(.fini2)
 *(.fini2)
 *(.fini1)
 *(.fini1)
 *(.fini0)
 .fini0         0x0000631a        0x4 /usr/lib/gcc/avr/4.7.2/avr5/libgcc.a(_exit.o)
 *(.fini0)
                0x0000631e                _etext = .

.data           0x00800100      0x1a2 load address 0x0000631e
                0x00800100                PROVIDE (__data_start, .)
 *(.data)
 .data          0x00800100        0x0 /usr/lib/gcc/avr/4.7.2/../../../avr/lib/avr5/crtm328p.o
 .data          0x00800100       0x23 switcherator.o
 .data          0x00800123        0x0 ../myavrnrflib/spi.o
 .data          0x00800123        0x0 ../myavrnrflib/nrf.o
 .data          0x00800123        0x0 /usr/lib/gcc/avr/4.7.2/../../../avr/lib/avr5/libscanf_min.a(vfscanf_min.o)
 .data          0x00800123        0x0 /usr/lib/gcc/avr/4.7.2/avr5/libgcc.a(_umulhisi3.o)
 .data          0x00800123        0x0 /usr/lib/gcc/avr/4.7.2/avr5/libgcc.a(_usmulhisi3.o)
 .data          0x00800123        0x0 /usr/lib/gcc/avr/4.7.2/avr5/libgcc.a(_muluhisi3.o)
 .data          0x00800123        0x0 /usr/lib/gcc/avr/4.7.2/avr5/libgcc.a(_mulsi3.o)
 .data          0x00800123        0x0 /usr/lib/gcc/avr/4.7.2/avr5/libgcc.a(_udivmodhi4.o)
 .data          0x00800123        0x0 /usr/lib/gcc/avr/4.7.2/avr5/libgcc.a(_divmodhi4.o)
 .data          0x00800123        0x0 /usr/lib/gcc/avr/4.7.2/avr5/libgcc.a(_udivmodsi4.o)
 .data          0x00800123        0x0 /usr/lib/gcc/avr/4.7.2/avr5/libgcc.a(_divmodsi4.o)
 .data          0x00800123        0x0 /usr/lib/gcc/avr/4.7.2/avr5/libgcc.a(_exit.o)
 .data          0x00800123        0x0 /usr/lib/gcc/avr/4.7.2/avr5/libgcc.a(_copy_data.o)
 .data          0x00800123        0x0 /usr/lib/gcc/avr/4.7.2/avr5/libgcc.a(_clear_bss.o)
 .data          0x00800123        0x0 /usr/lib/gcc/avr/4.7.2/avr5/libgcc.a(_ashldi3.o)
 .data          0x00800123        0x0 /usr/lib/gcc/avr/4.7.2/avr5/libgcc.a(_lshrdi3.o)
 .data          0x00800123        0x0 /usr/lib/gcc/avr/4.7.2/avr5/libgcc.a(_cmpdi2.o)
 .data          0x00800123        0x0 /usr/lib/gcc/avr/4.7.2/avr5/libgcc.a(_cmpdi2_s8.o)
 .data          0x00800123        0x0 /usr/lib/gcc/avr/4.7.2/../../../avr/lib/avr5/libc.a(strtol.o)
 .data          0x00800123        0x0 /usr/lib/gcc/avr/4.7.2/../../../avr/lib/avr5/libc.a(atoi.o)
 .data          0x00800123        0x0 /usr/lib/gcc/avr/4.7.2/../../../avr/lib/avr5/libc.a(atol.o)
 .data          0x00800123        0x0 /usr/lib/gcc/avr/4.7.2/../../../avr/lib/avr5/libc.a(isspace.o)
 .data          0x00800123        0x0 /usr/lib/gcc/avr/4.7.2/../../../avr/lib/avr5/libc.a(strchr_P.o)
 .data          0x00800123        0x0 /usr/lib/gcc/avr/4.7.2/../../../avr/lib/avr5/libc.a(strcat.o)
 .data          0x00800123        0x0 /usr/lib/gcc/avr/4.7.2/../../../avr/lib/avr5/libc.a(strcmp.o)
 .data          0x00800123        0x0 /usr/lib/gcc/avr/4.7.2/../../../avr/lib/avr5/libc.a(strncmp.o)
 .data          0x00800123        0x0 /usr/lib/gcc/avr/4.7.2/../../../avr/lib/avr5/libc.a(itoa.o)
 .data          0x00800123        0x0 /usr/lib/gcc/avr/4.7.2/../../../avr/lib/avr5/libc.a(ltoa.o)
 .data          0x00800123        0x0 /usr/lib/gcc/avr/4.7.2/../../../avr/lib/avr5/libc.a(mulsi10.o)
 .data          0x00800123        0x0 /usr/lib/gcc/avr/4.7.2/../../../avr/lib/avr5/libc.a(mul10.o)
 .data          0x00800123        0x0 /usr/lib/gcc/avr/4.7.2/../../../avr/lib/avr5/libc.a(fgetc.o)
 .data          0x00800123        0x0 /usr/lib/gcc/avr/4.7.2/../../../avr/lib/avr5/libc.a(ungetc.o)
 .data          0x00800123        0x0 /usr/lib/gcc/avr/4.7.2/../../../avr/lib/avr5/libc.a(eerd_block_atmega328.o)
 .data          0x00800123        0x0 /usr/lib/gcc/avr/4.7.2/../../../avr/lib/avr5/libc.a(eerd_word_atmega328.o)
 .data          0x00800123        0x0 /usr/lib/gcc/avr/4.7.2/../../../avr/lib/avr5/libc.a(eeupd_block_atmega328.o)
 .data          0x00800123        0x0 /usr/lib/gcc/avr/4.7.2/../../../avr/lib/avr5/libc.a(eeupd_byte_atmega328.o)
 .data          0x00800123        0x0 /usr/lib/gcc/avr/4.7.2/../../../avr/lib/avr5/libc.a(eeupd_word_atmega328.o)
 .data          0x00800123        0x0 /usr/lib/gcc/avr/4.7.2/../../../avr/lib/avr5/libc.a(errno.o)
 .data          0x00800123        0x0 /usr/lib/gcc/avr/4.7.2/../../../avr/lib/avr5/libc.a(cty_isfalse.o)
 .data          0x00800123        0x0 /usr/lib/gcc/avr/4.7.2/../../../avr/lib/avr5/libc.a(strrev.o)
 .data          0x00800123        0x0 /usr/lib/gcc/avr/4.7.2/avr5/libgcc.a(_prologue.o)
 .data          0x00800123        0x0 /usr/lib/gcc/avr/4.7.2/avr5/libgcc.a(_epilogue.o)
 *(.data*)
 *(.rodata)
 .rodata        0x00800123       0x18 switcherator.o
 *(.rodata*)
 .rodata.str1.1
                0x0080013b      0x167 switcherator.o
                                0x184 (size before relaxing)
 *(.gnu.linkonce.d*)
                0x008002a2                . = ALIGN (0x2)
                0x008002a2                _edata = .
                0x008002a2                PROVIDE (__data_end, .)

.bss            0x008002a2      0x1f6
                0x008002a2                PROVIDE (__bss_start, .)
 *(.bss)
 .bss           0x008002a2        0x0 /usr/lib/gcc/avr/4.7.2/../../../avr/lib/avr5/crtm328p.o
 .bss           0x008002a2      0x1f4 switcherator.o
 .bss           0x00800496        0x0 ../myavrnrflib/spi.o
 .bss           0x00800496        0x0 ../myavrnrflib/nrf.o
 .bss           0x00800496        0x0 /usr/lib/gcc/avr/4.7.2/../../../avr/lib/avr5/libscanf_min.a(vfscanf_min.o)
 .bss           0x00800496        0x0 /usr/lib/gcc/avr/4.7.2/avr5/libgcc.a(_umulhisi3.o)
 .bss           0x00800496        0x0 /usr/lib/gcc/avr/4.7.2/avr5/libgcc.a(_usmulhisi3.o)
 .bss           0x00800496        0x0 /usr/lib/gcc/avr/4.7.2/avr5/libgcc.a(_muluhisi3.o)
 .bss           0x00800496        0x0 /usr/lib/gcc/avr/4.7.2/avr5/libgcc.a(_mulsi3.o)
 .bss           0x00800496        0x0 /usr/lib/gcc/avr/4.7.2/avr5/libgcc.a(_udivmodhi4.o)
 .bss           0x00800496        0x0 /usr/lib/gcc/avr/4.7.2/avr5/libgcc.a(_divmodhi4.o)
 .bss           0x00800496        0x0 /usr/lib/gcc/avr/4.7.2/avr5/libgcc.a(_udivmodsi4.o)
 .bss           0x00800496        0x0 /usr/lib/gcc/avr/4.7.2/avr5/libgcc.a(_divmodsi4.o)
 .bss           0x00800496        0x0 /usr/lib/gcc/avr/4.7.2/avr5/libgcc.a(_exit.o)
 .bss           0x00800496        0x0 /usr/lib/gcc/avr/4.7.2/avr5/libgcc.a(_copy_data.o)
 .bss           0x00800496        0x0 /usr/lib/gcc/avr/4.7.2/avr5/libgcc.a(_clear_bss.o)
 .bss           0x00800496        0x0 /usr/lib/gcc/avr/4.7.2/avr5/libgcc.a(_ashldi3.o)
 .bss           0x00800496        0x0 /usr/lib/gcc/avr/4.7.2/avr5/libgcc.a(_lshrdi3.o)
 .bss           0x00800496        0x0 /usr/lib/gcc/avr/4.7.2/avr5/libgcc.a(_cmpdi2.o)
 .bss           0x00800496        0x0 /usr/lib/gcc/avr/4.7.2/avr5/libgcc.a(_cmpdi2_s8.o)
 .bss           0x00800496        0x0 /usr/lib/gcc/avr/4.7.2/../../../avr/lib/avr5/libc.a(strtol.o)
 .bss           0x00800496        0x0 /usr/lib/gcc/avr/4.7.2/../../../avr/lib/avr5/libc.a(atoi.o)
 .bss           0x00800496        0x0 /usr/lib/gcc/avr/4.7.2/../../../avr/lib/avr5/libc.a(atol.o)
 .bss           0x00800496        0x0 /usr/lib/gcc/avr/4.7.2/../../../avr/lib/avr5/libc.a(isspace.o)
 .bss           0x00800496        0x0 /usr/lib/gcc/avr/4.7.2/../../../avr/lib/avr5/libc.a(strchr_P.o)
 .bss           0x00800496        0x0 /usr/lib/gcc/avr/4.7.2/../../../avr/lib/avr5/libc.a(strcat.o)
 .bss           0x00800496        0x0 /usr/lib/gcc/avr/4.7.2/../../../avr/lib/avr5/libc.a(strcmp.o)
 .bss           0x00800496        0x0 /usr/lib/gcc/avr/4.7.2/../../../avr/lib/avr5/libc.a(strncmp.o)
 .bss           0x00800496        0x0 /usr/lib/gcc/avr/4.7.2/../../../avr/lib/avr5/libc.a(itoa.o)
 .bss           0x00800496        0x0 /usr/lib/gcc/avr/4.7.2/../../../avr/lib/avr5/libc.a(ltoa.o)
 .bss           0x00800496        0x0 /usr/lib/gcc/avr/4.7.2/../../../avr/lib/avr5/libc.a(mulsi10.o)
 .bss           0x00800496        0x0 /usr/lib/gcc/avr/4.7.2/../../../avr/lib/avr5/libc.a(mul10.o)
 .bss           0x00800496        0x0 /usr/lib/gcc/avr/4.7.2/../../../avr/lib/avr5/libc.a(fgetc.o)
 .bss           0x00800496        0x0 /usr/lib/gcc/avr/4.7.2/../../../avr/lib/avr5/libc.a(ungetc.o)
 .bss           0x00800496        0x0 /usr/lib/gcc/avr/4.7.2/../../../avr/lib/avr5/libc.a(eerd_block_atmega328.o)
 .bss           0x00800496        0x0 /usr/lib/gcc/avr/4.7.2/../../../avr/lib/avr5/libc.a(eerd_word_atmega328.o)
 .bss           0x00800496        0x0 /usr/lib/gcc/avr/4.7.2/../../../avr/lib/avr5/libc.a(eeupd_block_atmega328.o)
 .bss           0x00800496        0x0 /usr/lib/gcc/avr/4.7.2/../../../avr/lib/avr5/libc.a(eeupd_byte_atmega328.o)
 .bss           0x00800496        0x0 /usr/lib/gcc/avr/4.7.2/../../../avr/lib/avr5/libc.a(eeupd_word_atmega328.o)
 .bss           0x00800496        0x0 /usr/lib/gcc/avr/4.7.2/../../../avr/lib/avr5/libc.a(errno.o)
 .bss           0x00800496        0x0 /usr/lib/gcc/avr/4.7.2/../../../avr/lib/avr5/libc.a(cty_isfalse.o)
 .bss           0x00800496        0x0 /usr/lib/gcc/avr/4.7.2/../../../avr/lib/avr5/libc.a(strrev.o)
 .bss           0x00800496        0x0 /usr/lib/gcc/avr/4.7.2/avr5/libgcc.a(_prologue.o)
 .bss           0x00800496        0x0 /usr/lib/gcc/avr/4.7.2/avr5/libgcc.a(_epilogue.o)
 *(.bss*)
 *(COMMON)
 COMMON         0x00800496        0x2 /usr/lib/gcc/avr/4.7.2/../../../avr/lib/avr5/libc.a(errno.o)
                0x00800496                errno
                0x00800498                PROVIDE (__bss_end, .)
                0x0000631e                __data_load_start = LOADADDR (.data)
                0x000064c0                __data_load_end = (__data_load_start + SIZEOF (.data))

.noinit         0x00800498        0x0
                0x00800498                PROVIDE (__noinit_start, .)
 *(.noinit*)
                0x00800498                PROVIDE (__noinit_end, .)
                0x00800498                _end = .
                0x00800498                PROVIDE (__heap_start, .)

.eeprom         0x00810000        0x0
 *(.eeprom*)
                0x00810000                __eeprom_end = .

.fuse
 *(.fuse)
 *(.lfuse)
 *(.hfuse)
 *(.efuse)

.lock
 *(.lock*)

.signature
 *(.signature*)

.stab           0x00000000     0x2d9c
 *(.stab)
 .stab          0x00000000      0x6cc /usr/lib/gcc/avr/4.7.2/../../../avr/lib/avr5/crtm328p.o
 .stab          0x000006cc      0xbb8 /usr/lib/gcc/avr/4.7.2/../../../avr/lib/avr5/libscanf_min.a(vfscanf_min.o)
                                0xbc4 (size before relaxing)
 .stab          0x00001284      0x4a4 /usr/lib/gcc/avr/4.7.2/../../../avr/lib/avr5/libc.a(strtol.o)
                                0x4e0 (size before relaxing)
 .stab          0x00001728      0x174 /usr/lib/gcc/avr/4.7.2/../../../avr/lib/avr5/libc.a(atoi.o)
                                0x180 (size before relaxing)
 .stab          0x0000189c      0x1e0 /usr/lib/gcc/avr/4.7.2/../../../avr/lib/avr5/libc.a(atol.o)
                                0x1ec (size before relaxing)
 .stab          0x00001a7c       0x9c /usr/lib/gcc/avr/4.7.2/../../../avr/lib/avr5/libc.a(isspace.o)
                                 0xa8 (size before relaxing)
 .stab          0x00001b18       0x9c /usr/lib/gcc/avr/4.7.2/../../../avr/lib/avr5/libc.a(strchr_P.o)
                                 0xa8 (size before relaxing)
 .stab          0x00001bb4       0x9c /usr/lib/gcc/avr/4.7.2/../../../avr/lib/avr5/libc.a(strcat.o)
                                 0xa8 (size before relaxing)
 .stab          0x00001c50       0x84 /usr/lib/gcc/avr/4.7.2/../../../avr/lib/avr5/libc.a(strcmp.o)
                                 0x90 (size before relaxing)
 .stab          0x00001cd4       0xc0 /usr/lib/gcc/avr/4.7.2/../../../avr/lib/avr5/libc.a(strncmp.o)
                                 0xcc (size before relaxing)
 .stab          0x00001d94      0x1b0 /usr/lib/gcc/avr/4.7.2/../../../avr/lib/avr5/libc.a(itoa.o)
                                0x1bc (size before relaxing)
 .stab          0x00001f44      0x294 /usr/lib/gcc/avr/4.7.2/../../../avr/lib/avr5/libc.a(ltoa.o)
                                0x2a0 (size before relaxing)
 .stab          0x000021d8      0x114 /usr/lib/gcc/avr/4.7.2/../../../avr/lib/avr5/libc.a(mulsi10.o)
                                0x120 (size before relaxing)
 .stab          0x000022ec       0x78 /usr/lib/gcc/avr/4.7.2/../../../avr/lib/avr5/libc.a(mul10.o)
                                 0x84 (size before relaxing)
 .stab          0x00002364      0x264 /usr/lib/gcc/avr/4.7.2/../../../avr/lib/avr5/libc.a(fgetc.o)
                                0x444 (size before relaxing)
 .stab          0x000025c8      0x1e0 /usr/lib/gcc/avr/4.7.2/../../../avr/lib/avr5/libc.a(ungetc.o)
                                0x3c0 (size before relaxing)
 .stab          0x000027a8      0x108 /usr/lib/gcc/avr/4.7.2/../../../avr/lib/avr5/libc.a(eerd_block_atmega328.o)
                                0x114 (size before relaxing)
 .stab          0x000028b0       0x6c /usr/lib/gcc/avr/4.7.2/../../../avr/lib/avr5/libc.a(eerd_word_atmega328.o)
                                 0x78 (size before relaxing)
 .stab          0x0000291c       0xe4 /usr/lib/gcc/avr/4.7.2/../../../avr/lib/avr5/libc.a(eeupd_block_atmega328.o)
                                 0xf0 (size before relaxing)
 .stab          0x00002a00      0x114 /usr/lib/gcc/avr/4.7.2/../../../avr/lib/avr5/libc.a(eeupd_byte_atmega328.o)
                                0x120 (size before relaxing)
 .stab          0x00002b14       0x60 /usr/lib/gcc/avr/4.7.2/../../../avr/lib/avr5/libc.a(eeupd_word_atmega328.o)
                                 0x6c (size before relaxing)
 .stab          0x00002b74       0xf0 /usr/lib/gcc/avr/4.7.2/../../../avr/lib/avr5/libc.a(errno.o)
                                 0xfc (size before relaxing)
 .stab          0x00002c64       0x60 /usr/lib/gcc/avr/4.7.2/../../../avr/lib/avr5/libc.a(cty_isfalse.o)
                                 0x6c (size before relaxing)
 .stab          0x00002cc4       0xd8 /usr/lib/gcc/avr/4.7.2/../../../avr/lib/avr5/libc.a(strrev.o)
                                 0xe4 (size before relaxing)

.stabstr        0x00000000      0xea9
 *(.stabstr)
 .stabstr       0x00000000      0xea9 /usr/lib/gcc/avr/4.7.2/../../../avr/lib/avr5/crtm328p.o

.stab.excl
 *(.stab.excl)

.stab.exclstr
 *(.stab.exclstr)

.stab.index
 *(.stab.index)

.stab.indexstr
 *(.stab.indexstr)

.comment        0x00000000       0x22
 *(.comment)
 .comment       0x00000000       0x11 switcherator.o
                                 0x12 (size before relaxing)
 .comment       0x00000000       0x12 ../myavrnrflib/spi.o
 .comment       0x00000000       0x12 ../myavrnrflib/nrf.o
 .comment       0x00000011       0x11 /usr/lib/gcc/avr/4.7.2/../../../avr/lib/avr5/libscanf_min.a(vfscanf_min.o)
                                 0x12 (size before relaxing)
 .comment       0x00000000       0x12 /usr/lib/gcc/avr/4.7.2/../../../avr/lib/avr5/libc.a(strtol.o)
 .comment       0x00000000       0x12 /usr/lib/gcc/avr/4.7.2/../../../avr/lib/avr5/libc.a(fgetc.o)
 .comment       0x00000000       0x12 /usr/lib/gcc/avr/4.7.2/../../../avr/lib/avr5/libc.a(ungetc.o)
 .comment       0x00000000       0x12 /usr/lib/gcc/avr/4.7.2/../../../avr/lib/avr5/libc.a(errno.o)

.debug
 *(.debug)

.line
 *(.line)

.debug_srcinfo
 *(.debug_srcinfo)

.debug_sfnames
 *(.debug_sfnames)

.debug_aranges  0x00000000       0x68
 *(.debug_aranges)
 .debug_aranges
                0x00000000       0x28 switcherator.o
 .debug_aranges
                0x00000028       0x20 ../myavrnrflib/spi.o
 .debug_aranges
                0x00000048       0x20 ../myavrnrflib/nrf.o

.debug_pubnames
 *(.debug_pubnames)

.debug_info     0x00000000     0x6a3e
 *(.debug_info)
 .debug_info    0x00000000     0x5d68 switcherator.o
 .debug_info    0x00005d68      0x18e ../myavrnrflib/spi.o
 .debug_info    0x00005ef6      0xb48 ../myavrnrflib/nrf.o
 *(.gnu.linkonce.wi.*)

.debug_abbrev   0x00000000      0x77d
 *(.debug_abbrev)
 .debug_abbrev  0x00000000      0x40f switcherator.o
 .debug_abbrev  0x0000040f      0x11e ../myavrnrflib/spi.o
 .debug_abbrev  0x0000052d      0x250 ../myavrnrflib/nrf.o

.debug_line     0x00000000     0x1343
 *(.debug_line)
 .debug_line    0x00000000     0x102b switcherator.o
 .debug_line    0x0000102b       0xdb ../myavrnrflib/spi.o
 .debug_line    0x00001106      0x23d ../myavrnrflib/nrf.o

.debug_frame    0x00000000      0xeb4
 *(.debug_frame)
 .debug_frame   0x00000000      0xc38 switcherator.o
 .debug_frame   0x00000c38       0x34 ../myavrnrflib/spi.o
 .debug_frame   0x00000c6c      0x248 ../myavrnrflib/nrf.o

.debug_str      0x00000000      0xc6d
 *(.debug_str)
 .debug_str     0x00000000      0xb81 switcherator.o
                                0xbce (size before relaxing)
 .debug_str     0x00000b81       0x44 ../myavrnrflib/spi.o
                                0x14d (size before relaxing)
 .debug_str     0x00000bc5       0xa8 ../myavrnrflib/nrf.o
                                0x251 (size before relaxing)

.debug_loc      0x00000000     0x61bb
 *(.debug_loc)
 .debug_loc     0x00000000     0x5681 switcherator.o
 .debug_loc     0x00005681       0x62 ../myavrnrflib/spi.o
 .debug_loc     0x000056e3      0xad8 ../myavrnrflib/nrf.o

.debug_macinfo
 *(.debug_macinfo)
OUTPUT(switcherator.elf elf32-avr)
LOAD linker stubs

.debug_ranges   0x00000000       0x30
 .debug_ranges  0x00000000       0x18 switcherator.o
 .debug_ranges  0x00000018       0x18 ../myavrnrflib/nrf.o

Cross Reference Table

Symbol                                            File
__ashldi3                                         /usr/lib/gcc/avr/4.7.2/avr5/libgcc.a(_ashldi3.o)
                                                  ../myavrnrflib/nrf.o
                                                  switcherator.o
__bad_interrupt                                   /usr/lib/gcc/avr/4.7.2/../../../avr/lib/avr5/crtm328p.o
__bss_end                                         /usr/lib/gcc/avr/4.7.2/avr5/libgcc.a(_clear_bss.o)
__bss_start                                       /usr/lib/gcc/avr/4.7.2/avr5/libgcc.a(_clear_bss.o)
__cmpdi2                                          /usr/lib/gcc/avr/4.7.2/avr5/libgcc.a(_cmpdi2.o)
                                                  switcherator.o
__cmpdi2_s8                                       /usr/lib/gcc/avr/4.7.2/avr5/libgcc.a(_cmpdi2_s8.o)
                                                  switcherator.o
__ctype_isfalse                                   /usr/lib/gcc/avr/4.7.2/../../../avr/lib/avr5/libc.a(cty_isfalse.o)
                                                  /usr/lib/gcc/avr/4.7.2/../../../avr/lib/avr5/libc.a(isspace.o)
__ctype_istrue                                    /usr/lib/gcc/avr/4.7.2/../../../avr/lib/avr5/libc.a(cty_isfalse.o)
__data_end                                        /usr/lib/gcc/avr/4.7.2/avr5/libgcc.a(_copy_data.o)
__data_load_start                                 /usr/lib/gcc/avr/4.7.2/avr5/libgcc.a(_copy_data.o)
__data_start                                      /usr/lib/gcc/avr/4.7.2/avr5/libgcc.a(_copy_data.o)
__divmodhi4                                       /usr/lib/gcc/avr/4.7.2/avr5/libgcc.a(_divmodhi4.o)
                                                  switcherator.o
__divmodsi4                                       /usr/lib/gcc/avr/4.7.2/avr5/libgcc.a(_divmodsi4.o)
                                                  switcherator.o
__do_clear_bss                                    /usr/lib/gcc/avr/4.7.2/avr5/libgcc.a(_clear_bss.o)
                                                  /usr/lib/gcc/avr/4.7.2/../../../avr/lib/avr5/libc.a(errno.o)
                                                  switcherator.o
__do_copy_data                                    /usr/lib/gcc/avr/4.7.2/avr5/libgcc.a(_copy_data.o)
                                                  switcherator.o
__eerd_block_m328                                 /usr/lib/gcc/avr/4.7.2/../../../avr/lib/avr5/libc.a(eerd_block_atmega328.o)
                                                  switcherator.o
__eerd_blraw_m328                                 /usr/lib/gcc/avr/4.7.2/../../../avr/lib/avr5/libc.a(eerd_block_atmega328.o)
                                                  /usr/lib/gcc/avr/4.7.2/../../../avr/lib/avr5/libc.a(eerd_word_atmega328.o)
__eerd_word_m328                                  /usr/lib/gcc/avr/4.7.2/../../../avr/lib/avr5/libc.a(eerd_word_atmega328.o)
                                                  switcherator.o
__eeupd_block_m328                                /usr/lib/gcc/avr/4.7.2/../../../avr/lib/avr5/libc.a(eeupd_block_atmega328.o)
                                                  switcherator.o
__eeupd_byte_m328                                 /usr/lib/gcc/avr/4.7.2/../../../avr/lib/avr5/libc.a(eeupd_byte_atmega328.o)
                                                  /usr/lib/gcc/avr/4.7.2/../../../avr/lib/avr5/libc.a(eeupd_word_atmega328.o)
__eeupd_r18_m328                                  /usr/lib/gcc/avr/4.7.2/../../../avr/lib/avr5/libc.a(eeupd_byte_atmega328.o)
                                                  /usr/lib/gcc/avr/4.7.2/../../../avr/lib/avr5/libc.a(eeupd_word_atmega328.o)
                                                  /usr/lib/gcc/avr/4.7.2/../../../avr/lib/avr5/libc.a(eeupd_block_atmega328.o)
__eeupd_word_m328                                 /usr/lib/gcc/avr/4.7.2/../../../avr/lib/avr5/libc.a(eeupd_word_atmega328.o)
                                                  switcherator.o
__epilogue_restores__                             /usr/lib/gcc/avr/4.7.2/avr5/libgcc.a(_epilogue.o)
                                                  /usr/lib/gcc/avr/4.7.2/../../../avr/lib/avr5/libc.a(strtol.o)
__heap_end                                        /usr/lib/gcc/avr/4.7.2/../../../avr/lib/avr5/crtm328p.o
__init                                            /usr/lib/gcc/avr/4.7.2/../../../avr/lib/avr5/crtm328p.o
__lshrdi3                                         /usr/lib/gcc/avr/4.7.2/avr5/libgcc.a(_lshrdi3.o)
                                                  ../myavrnrflib/nrf.o
                                                  switcherator.o
__mulhi_const_10                                  /usr/lib/gcc/avr/4.7.2/../../../avr/lib/avr5/libc.a(mul10.o)
                                                  /usr/lib/gcc/avr/4.7.2/../../../avr/lib/avr5/libc.a(atoi.o)
__mulsi3                                          /usr/lib/gcc/avr/4.7.2/avr5/libgcc.a(_mulsi3.o)
                                                  /usr/lib/gcc/avr/4.7.2/../../../avr/lib/avr5/libc.a(strtol.o)
                                                  switcherator.o
__mulsi_const_10                                  /usr/lib/gcc/avr/4.7.2/../../../avr/lib/avr5/libc.a(mulsi10.o)
                                                  /usr/lib/gcc/avr/4.7.2/../../../avr/lib/avr5/libc.a(atol.o)
__muluhisi3                                       /usr/lib/gcc/avr/4.7.2/avr5/libgcc.a(_muluhisi3.o)
                                                  /usr/lib/gcc/avr/4.7.2/avr5/libgcc.a(_mulsi3.o)
                                                  switcherator.o
__prologue_saves__                                /usr/lib/gcc/avr/4.7.2/avr5/libgcc.a(_prologue.o)
                                                  /usr/lib/gcc/avr/4.7.2/../../../avr/lib/avr5/libc.a(strtol.o)
__stack                                           /usr/lib/gcc/avr/4.7.2/../../../avr/lib/avr5/crtm328p.o
__udivmodhi4                                      /usr/lib/gcc/avr/4.7.2/avr5/libgcc.a(_udivmodhi4.o)
                                                  /usr/lib/gcc/avr/4.7.2/../../../avr/lib/avr5/libc.a(itoa.o)
                                                  /usr/lib/gcc/avr/4.7.2/avr5/libgcc.a(_divmodhi4.o)
                                                  switcherator.o
__udivmodsi4                                      /usr/lib/gcc/avr/4.7.2/avr5/libgcc.a(_udivmodsi4.o)
                                                  /usr/lib/gcc/avr/4.7.2/../../../avr/lib/avr5/libc.a(ltoa.o)
                                                  /usr/lib/gcc/avr/4.7.2/../../../avr/lib/avr5/libc.a(strtol.o)
                                                  /usr/lib/gcc/avr/4.7.2/avr5/libgcc.a(_divmodsi4.o)
                                                  switcherator.o
__umulhisi3                                       /usr/lib/gcc/avr/4.7.2/avr5/libgcc.a(_umulhisi3.o)
                                                  /usr/lib/gcc/avr/4.7.2/avr5/libgcc.a(_muluhisi3.o)
                                                  /usr/lib/gcc/avr/4.7.2/avr5/libgcc.a(_usmulhisi3.o)
                                                  switcherator.o
__usmulhisi3                                      /usr/lib/gcc/avr/4.7.2/avr5/libgcc.a(_usmulhisi3.o)
                                                  switcherator.o
__usmulhisi3_tail                                 /usr/lib/gcc/avr/4.7.2/avr5/libgcc.a(_usmulhisi3.o)
__vector_1                                        /usr/lib/gcc/avr/4.7.2/../../../avr/lib/avr5/crtm328p.o
__vector_10                                       /usr/lib/gcc/avr/4.7.2/../../../avr/lib/avr5/crtm328p.o
__vector_11                                       switcherator.o
                                                  /usr/lib/gcc/avr/4.7.2/../../../avr/lib/avr5/crtm328p.o
__vector_12                                       /usr/lib/gcc/avr/4.7.2/../../../avr/lib/avr5/crtm328p.o
__vector_13                                       /usr/lib/gcc/avr/4.7.2/../../../avr/lib/avr5/crtm328p.o
__vector_14                                       /usr/lib/gcc/avr/4.7.2/../../../avr/lib/avr5/crtm328p.o
__vector_15                                       /usr/lib/gcc/avr/4.7.2/../../../avr/lib/avr5/crtm328p.o
__vector_16                                       /usr/lib/gcc/avr/4.7.2/../../../avr/lib/avr5/crtm328p.o
__vector_17                                       /usr/lib/gcc/avr/4.7.2/../../../avr/lib/avr5/crtm328p.o
__vector_18                                       /usr/lib/gcc/avr/4.7.2/../../../avr/lib/avr5/crtm328p.o
__vector_19                                       /usr/lib/gcc/avr/4.7.2/../../../avr/lib/avr5/crtm328p.o
__vector_2                                        /usr/lib/gcc/avr/4.7.2/../../../avr/lib/avr5/crtm328p.o
__vector_20                                       /usr/lib/gcc/avr/4.7.2/../../../avr/lib/avr5/crtm328p.o
__vector_21                                       /usr/lib/gcc/avr/4.7.2/../../../avr/lib/avr5/crtm328p.o
__vector_22                                       /usr/lib/gcc/avr/4.7.2/../../../avr/lib/avr5/crtm328p.o
__vector_23                                       /usr/lib/gcc/avr/4.7.2/../../../avr/lib/avr5/crtm328p.o
__vector_24                                       /usr/lib/gcc/avr/4.7.2/../../../avr/lib/avr5/crtm328p.o
__vector_25                                       /usr/lib/gcc/avr/4.7.2/../../../avr/lib/avr5/crtm328p.o
__vector_3                                        /usr/lib/gcc/avr/4.7.2/../../../avr/lib/avr5/crtm328p.o
__vector_4                                        /usr/lib/gcc/avr/4.7.2/../../../avr/lib/avr5/crtm328p.o
__vector_5                                        /usr/lib/gcc/avr/4.7.2/../../../avr/lib/avr5/crtm328p.o
__vector_6                                        /usr/lib/gcc/avr/4.7.2/../../../avr/lib/avr5/crtm328p.o
__vector_7                                        /usr/lib/gcc/avr/4.7.2/../../../avr/lib/avr5/crtm328p.o
__vector_8                                        /usr/lib/gcc/avr/4.7.2/../../../avr/lib/avr5/crtm328p.o
__vector_9                                        /usr/lib/gcc/avr/4.7.2/../../../avr/lib/avr5/crtm328p.o
__vector_default                                  /usr/lib/gcc/avr/4.7.2/../../../avr/lib/avr5/crtm328p.o
__vectors                                         /usr/lib/gcc/avr/4.7.2/../../../avr/lib/avr5/crtm328p.o
_div                                              /usr/lib/gcc/avr/4.7.2/avr5/libgcc.a(_divmodhi4.o)
_exit                                             /usr/lib/gcc/avr/4.7.2/avr5/libgcc.a(_exit.o)
advanceDay                                        switcherator.o
atoi                                              /usr/lib/gcc/avr/4.7.2/../../../avr/lib/avr5/libc.a(atoi.o)
                                                  switcherator.o
atol                                              /usr/lib/gcc/avr/4.7.2/../../../avr/lib/avr5/libc.a(atol.o)
                                                  switcherator.o
brightnessSet                                     switcherator.o
checkCommand                                      switcherator.o
checkDaylightSavings                              switcherator.o
checkRx                                           ../myavrnrflib/nrf.o
clearEEPROM                                       switcherator.o
clearFail                                         switcherator.o
clearInput                                        switcherator.o
clearProgram                                      switcherator.o
clearTheProgram                                   switcherator.o
clearTheSwitch                                    switcherator.o
clearToEEPROM                                     switcherator.o
clockInit                                         switcherator.o
clockString                                       switcherator.o
clockTweak                                        switcherator.o
colorChangeSet                                    switcherator.o
cycleHue                                          switcherator.o
drawInterface                                     switcherator.o
dynReceive                                        ../myavrnrflib/nrf.o
                                                  switcherator.o
errno                                             /usr/lib/gcc/avr/4.7.2/../../../avr/lib/avr5/libc.a(errno.o)
                                                  /usr/lib/gcc/avr/4.7.2/../../../avr/lib/avr5/libc.a(strtol.o)
exit                                              /usr/lib/gcc/avr/4.7.2/avr5/libgcc.a(_exit.o)
                                                  /usr/lib/gcc/avr/4.7.2/../../../avr/lib/avr5/crtm328p.o
fail                                              switcherator.o
fgetc                                             /usr/lib/gcc/avr/4.7.2/../../../avr/lib/avr5/libc.a(fgetc.o)
                                                  /usr/lib/gcc/avr/4.7.2/../../../avr/lib/avr5/libscanf_min.a(vfscanf_min.o)
findOpenSwitch                                    switcherator.o
flashFail                                         switcherator.o
flushme                                           ../myavrnrflib/nrf.o
formatAddress                                     switcherator.o
generalInit                                       switcherator.o
generalStatus                                     switcherator.o
getDayofYear                                      switcherator.o
getInput                                          switcherator.o
getLength                                         ../myavrnrflib/nrf.o
getPort                                           switcherator.o
getSwitchNumber                                   switcherator.o
getWeekday                                        switcherator.o
inputCheck                                        switcherator.o
inputTenthCheck                                   switcherator.o
isspace                                           /usr/lib/gcc/avr/4.7.2/../../../avr/lib/avr5/libc.a(isspace.o)
                                                  /usr/lib/gcc/avr/4.7.2/../../../avr/lib/avr5/libc.a(strtol.o)
                                                  /usr/lib/gcc/avr/4.7.2/../../../avr/lib/avr5/libscanf_min.a(vfscanf_min.o)
itoa                                              /usr/lib/gcc/avr/4.7.2/../../../avr/lib/avr5/libc.a(itoa.o)
                                                  switcherator.o
ltoa                                              /usr/lib/gcc/avr/4.7.2/../../../avr/lib/avr5/libc.a(ltoa.o)
                                                  switcherator.o
main                                              switcherator.o
                                                  /usr/lib/gcc/avr/4.7.2/../../../avr/lib/avr5/crtm328p.o
newProgram                                        switcherator.o
nrfInit                                           ../myavrnrflib/nrf.o
                                                  switcherator.o
ok                                                switcherator.o
powerDown                                         ../myavrnrflib/nrf.o
powerUp                                           ../myavrnrflib/nrf.o
programAddSwitch                                  switcherator.o
programDisplay                                    switcherator.o
programGetSwitches                                switcherator.o
programSetDays                                    switcherator.o
programSetTime                                    switcherator.o
pwmClear                                          switcherator.o
pwmSetup                                          switcherator.o
pwmSummary                                        switcherator.o
pwmValueSet                                       switcherator.o
radioChangeAddress                                switcherator.o
radioDisplayAddress                               switcherator.o
radioInit                                         switcherator.o
radioTest                                         switcherator.o
readAddr                                          ../myavrnrflib/nrf.o
                                                  switcherator.o
readEEPROM                                        switcherator.o
readReg                                           ../myavrnrflib/nrf.o
receive                                           ../myavrnrflib/nrf.o
returnHex                                         switcherator.o
returnHexWithout                                  switcherator.o
returnInt                                         switcherator.o
runColorFunction                                  switcherator.o
runHueFunction                                    switcherator.o
saveToEEPROM                                      switcherator.o
sendMessage                                       switcherator.o
serialNumber                                      switcherator.o
setAnalogInput                                    switcherator.o
setClock                                          switcherator.o
setDaylightSavings                                switcherator.o
setDigitalInput                                   switcherator.o
setHueSpeed                                       switcherator.o
setNewSwitch                                      switcherator.o
setTimeLimits                                     switcherator.o
spi_init                                          ../myavrnrflib/spi.o
                                                  ../myavrnrflib/nrf.o
spi_transaction                                   ../myavrnrflib/spi.o
                                                  ../myavrnrflib/nrf.o
startClock                                        switcherator.o
startProgram                                      switcherator.o
startRadio                                        ../myavrnrflib/nrf.o
                                                  switcherator.o
startRx                                           ../myavrnrflib/nrf.o
                                                  switcherator.o
startSwitch                                       switcherator.o
startTheProgram                                   switcherator.o
stopClock                                         switcherator.o
stopRadio                                         ../myavrnrflib/nrf.o
stopRx                                            ../myavrnrflib/nrf.o
strcat                                            /usr/lib/gcc/avr/4.7.2/../../../avr/lib/avr5/libc.a(strcat.o)
                                                  switcherator.o
strchr_P                                          /usr/lib/gcc/avr/4.7.2/../../../avr/lib/avr5/libc.a(strchr_P.o)
                                                  /usr/lib/gcc/avr/4.7.2/../../../avr/lib/avr5/libscanf_min.a(vfscanf_min.o)
strcmp                                            /usr/lib/gcc/avr/4.7.2/../../../avr/lib/avr5/libc.a(strcmp.o)
                                                  switcherator.o
strncmp                                           /usr/lib/gcc/avr/4.7.2/../../../avr/lib/avr5/libc.a(strncmp.o)
                                                  switcherator.o
strrev                                            /usr/lib/gcc/avr/4.7.2/../../../avr/lib/avr5/libc.a(strrev.o)
                                                  /usr/lib/gcc/avr/4.7.2/../../../avr/lib/avr5/libc.a(ltoa.o)
                                                  /usr/lib/gcc/avr/4.7.2/../../../avr/lib/avr5/libc.a(itoa.o)
strtol                                            /usr/lib/gcc/avr/4.7.2/../../../avr/lib/avr5/libc.a(strtol.o)
                                                  switcherator.o
switchBrightness                                  switcherator.o
switchClear                                       switcherator.o
switchDisplay                                     switcherator.o
switchOnOff                                       switcherator.o
timerCheck                                        switcherator.o
transmit                                          ../myavrnrflib/nrf.o
                                                  switcherator.o
unformatAddress                                   switcherator.o
ungetc                                            /usr/lib/gcc/avr/4.7.2/../../../avr/lib/avr5/libc.a(ungetc.o)
                                                  /usr/lib/gcc/avr/4.7.2/../../../avr/lib/avr5/libscanf_min.a(vfscanf_min.o)
vfscanf                                           /usr/lib/gcc/avr/4.7.2/../../../avr/lib/avr5/libscanf_min.a(vfscanf_min.o)
writeAddr                                         ../myavrnrflib/nrf.o
                                                  switcherator.o
writeEEPROM                                       switcherator.o
writeReg                                          ../myavrnrflib/nrf.o
                                                  switcherator.o
